2026-09-09T14:20:47Z start:pilot_exp_constrained_pub_only_xcdr__cpp_to_py temp=55C freq=3496MHz load=0.75 0.64 0.59 shm=8.0K/2.0G
2026-09-09T14:21:57Z end:pilot_exp_constrained_pub_only_xcdr__cpp_to_py temp=55C freq=3472MHz load=0.50 0.58 0.57 shm=8.0K/2.0G
2026-09-09T14:21:58Z start:pilot_exp_constrained_pub_only_xcdr__cpp_to_cpp temp=55C freq=3317MHz load=0.50 0.58 0.57 shm=8.0K/2.0G
2026-09-09T14:23:06Z end:pilot_exp_constrained_pub_only_xcdr__cpp_to_cpp temp=54C freq=4147MHz load=0.42 0.56 0.56 shm=8.0K/2.0G
2026-09-09T14:23:06Z start:pilot_exp_constrained_pub_only_xcdr__py_to_cpp temp=54C freq=3792MHz load=0.42 0.56 0.56 shm=8.0K/2.0G
2026-09-09T14:24:16Z end:pilot_exp_constrained_pub_only_xcdr__py_to_cpp temp=57C freq=3460MHz load=0.92 0.69 0.61 shm=8.0K/2.0G
2026-09-09T14:24:16Z start:pilot_exp_constrained_pub_only_xcdr__py_to_py temp=57C freq=3688MHz load=0.92 0.69 0.61 shm=8.0K/2.0G
2026-09-09T14:25:27Z end:pilot_exp_constrained_pub_only_xcdr__py_to_py temp=52C freq=3333MHz load=0.51 0.63 0.60 shm=8.0K/2.0G
2026-09-09T14:25:27Z start:pilot_exp_constrained_pub_sub_xcdr__cpp_to_py temp=52C freq=3393MHz load=0.51 0.63 0.60 shm=8.0K/2.0G
2026-09-09T14:26:37Z end:pilot_exp_constrained_pub_sub_xcdr__cpp_to_py temp=48C freq=3438MHz load=0.57 0.62 0.60 shm=8.0K/2.0G
2026-09-09T14:26:37Z start:pilot_exp_constrained_pub_sub_xcdr__cpp_to_cpp temp=48C freq=3299MHz load=0.57 0.62 0.60 shm=8.0K/2.0G
2026-09-09T14:27:45Z end:pilot_exp_constrained_pub_sub_xcdr__cpp_to_cpp temp=52C freq=3384MHz load=0.68 0.65 0.61 shm=8.0K/2.0G
2026-09-09T14:27:45Z start:pilot_exp_constrained_pub_sub_xcdr__py_to_cpp temp=52C freq=3500MHz load=0.68 0.65 0.61 shm=8.0K/2.0G
2026-09-09T14:28:56Z end:pilot_exp_constrained_pub_sub_xcdr__py_to_cpp temp=51C freq=3329MHz load=0.70 0.70 0.63 shm=8.0K/2.0G
2026-09-09T14:28:56Z start:pilot_exp_constrained_pub_sub_xcdr__py_to_py temp=51C freq=3509MHz load=0.70 0.70 0.63 shm=8.0K/2.0G
2026-09-09T14:30:06Z end:pilot_exp_constrained_pub_sub_xcdr__py_to_py temp=53C freq=3362MHz load=0.89 0.75 0.66 shm=8.0K/2.0G
2026-09-09T14:30:06Z start:pilot_std_copy_fastcdr__cpp_to_py temp=53C freq=3379MHz load=0.89 0.75 0.66 shm=8.0K/2.0G
2026-09-09T14:31:16Z end:pilot_std_copy_fastcdr__cpp_to_py temp=50C freq=3777MHz load=0.73 0.75 0.66 shm=8.0K/2.0G
2026-09-09T14:31:16Z start:pilot_std_copy_fastcdr__cpp_to_cpp temp=50C freq=3638MHz load=0.73 0.75 0.66 shm=8.0K/2.0G
2026-09-09T14:32:25Z end:pilot_std_copy_fastcdr__cpp_to_cpp temp=49C freq=2804MHz load=0.59 0.73 0.66 shm=8.0K/2.0G
2026-09-09T14:32:25Z start:pilot_std_copy_fastcdr__py_to_cpp temp=49C freq=3183MHz load=0.59 0.73 0.66 shm=8.0K/2.0G
2026-09-09T14:33:35Z end:pilot_std_copy_fastcdr__py_to_cpp temp=60C freq=3166MHz load=1.12 0.87 0.72 shm=8.0K/2.0G
2026-09-09T14:33:35Z start:pilot_std_copy_fastcdr__py_to_py temp=60C freq=3048MHz load=1.12 0.87 0.72 shm=8.0K/2.0G
2026-09-09T14:34:46Z end:pilot_std_copy_fastcdr__py_to_py temp=49C freq=2929MHz load=0.79 0.85 0.72 shm=8.0K/2.0G
2026-09-09T14:34:46Z start:pilot_std_copy_xcdr__cpp_to_py temp=49C freq=3330MHz load=0.79 0.85 0.72 shm=8.0K/2.0G
2026-09-09T14:35:56Z end:pilot_std_copy_xcdr__cpp_to_py temp=44C freq=2634MHz load=0.31 0.68 0.67 shm=8.0K/2.0G
2026-09-09T14:35:56Z start:pilot_std_copy_xcdr__cpp_to_cpp temp=44C freq=3222MHz load=0.31 0.68 0.67 shm=8.0K/2.0G
2026-09-09T14:37:04Z end:pilot_std_copy_xcdr__cpp_to_cpp temp=43C freq=3277MHz load=0.16 0.57 0.63 shm=8.0K/2.0G
2026-09-09T14:37:04Z start:pilot_std_copy_xcdr__py_to_cpp temp=43C freq=3209MHz load=0.16 0.57 0.63 shm=8.0K/2.0G
2026-09-09T14:38:14Z end:pilot_std_copy_xcdr__py_to_cpp temp=44C freq=2567MHz load=0.29 0.57 0.63 shm=8.0K/2.0G
2026-09-09T14:38:14Z start:pilot_std_copy_xcdr__py_to_py temp=44C freq=3718MHz load=0.29 0.57 0.63 shm=8.0K/2.0G
2026-09-09T14:39:24Z end:pilot_std_copy_xcdr__py_to_py temp=54C freq=3507MHz load=0.26 0.49 0.60 shm=8.0K/2.0G
2026-09-09T14:39:24Z start:pilot_exp_copy_xcdr__cpp_to_py temp=53C freq=3293MHz load=0.26 0.49 0.60 shm=8.0K/2.0G
2026-09-09T14:40:34Z end:pilot_exp_copy_xcdr__cpp_to_py temp=44C freq=3408MHz load=0.14 0.41 0.56 shm=8.0K/2.0G
2026-09-09T14:40:34Z start:pilot_exp_copy_xcdr__cpp_to_cpp temp=44C freq=3032MHz load=0.14 0.41 0.56 shm=8.0K/2.0G
2026-09-09T14:41:42Z end:pilot_exp_copy_xcdr__cpp_to_cpp temp=44C freq=3034MHz load=0.05 0.33 0.52 shm=8.0K/2.0G
2026-09-09T14:41:42Z start:pilot_exp_copy_xcdr__py_to_cpp temp=44C freq=2771MHz load=0.05 0.33 0.52 shm=8.0K/2.0G
2026-09-09T14:42:52Z end:pilot_exp_copy_xcdr__py_to_cpp temp=45C freq=2803MHz load=0.21 0.33 0.51 shm=8.0K/2.0G
2026-09-09T14:42:52Z start:pilot_exp_copy_xcdr__py_to_py temp=45C freq=3516MHz load=0.21 0.33 0.51 shm=8.0K/2.0G
2026-09-09T14:44:03Z end:pilot_exp_copy_xcdr__py_to_py temp=43C freq=2840MHz load=0.14 0.28 0.47 shm=8.0K/2.0G
